// Jest Snapshot v1, https://goo.gl/fbAQLP

exports[`<Counters /> match snapshot 1`] = `ReactWrapper {}`;
