// Jest Snapshot v1, https://goo.gl/fbAQLP

exports[`<CounterFoo /> match snapshot 1`] = `ReactWrapper {}`;
