// Jest Snapshot v1, https://goo.gl/fbAQLP

exports[`<AppTitle /> renders Foobartory title 1`] = `ShallowWrapper {}`;
