// Jest Snapshot v1, https://goo.gl/fbAQLP

exports[`<AppTitle /> renders Chaine de production automatisee subtitle 1`] = `ShallowWrapper {}`;
