// Jest Snapshot v1, https://goo.gl/fbAQLP

exports[`<Robot /> renders an emtpy Paper Card when the game starts 1`] = `ShallowWrapper {}`;
