// Jest Snapshot v1, https://goo.gl/fbAQLP

exports[`<LangProvider /> match snapshot 1`] = `ReactWrapper {}`;

exports[`<LangProvider /> renders lang select list 1`] = `ShallowWrapper {}`;
