// Jest Snapshot v1, https://goo.gl/fbAQLP

exports[`<CounterFooBar /> match snapshot 1`] = `ReactWrapper {}`;
