// Jest Snapshot v1, https://goo.gl/fbAQLP

exports[`<LangSelect /> renders lang select list 1`] = `ShallowWrapper {}`;
