// Jest Snapshot v1, https://goo.gl/fbAQLP

exports[`<DisplayActivities /> match snapshot 1`] = `ReactWrapper {}`;
