// Jest Snapshot v1, https://goo.gl/fbAQLP

exports[`<GameBoard /> renders a game board when the game starts 1`] = `ShallowWrapper {}`;
