// Jest Snapshot v1, https://goo.gl/fbAQLP

exports[`<CounterBar /> match snapshot 1`] = `ReactWrapper {}`;
